// Jest Snapshot v1, https://goo.gl/fbAQLP

exports[`StartButton renders correctly 1`] = `
ShallowWrapper {
  "length": 1,
  Symbol(enzyme.__root__): [Circular],
  Symbol(enzyme.__unrendered__): <StartButton />,
  Symbol(enzyme.__renderer__): Object {
    "batchedUpdates": [Function],
    "getNode": [Function],
    "render": [Function],
    "simulateEvent": [Function],
    "unmount": [Function],
  },
  Symbol(enzyme.__node__): Object {
    "instance": null,
    "key": undefined,
    "nodeType": "host",
    "props": Object {
      "children": Array [
        <div
          className="StartButton-container"
>
          <RaisedButton
                    className="StartButton-main"
                    disabled={false}
                    fullWidth={false}
                    label="Start Here"
                    labelPosition="after"
                    onClick={[Function]}
                    primary={false}
                    secondary={false}
          />
</div>,
        <div />,
      ],
    },
    "ref": null,
    "rendered": Array [
      Object {
        "instance": null,
        "key": undefined,
        "nodeType": "host",
        "props": Object {
          "children": <RaisedButton
            className="StartButton-main"
            disabled={false}
            fullWidth={false}
            label="Start Here"
            labelPosition="after"
            onClick={[Function]}
            primary={false}
            secondary={false}
/>,
          "className": "StartButton-container",
        },
        "ref": null,
        "rendered": Object {
          "instance": null,
          "key": undefined,
          "nodeType": "class",
          "props": Object {
            "className": "StartButton-main",
            "disabled": false,
            "fullWidth": false,
            "label": "Start Here",
            "labelPosition": "after",
            "onClick": [Function],
            "primary": false,
            "secondary": false,
          },
          "ref": null,
          "rendered": null,
          "type": [Function],
        },
        "type": "div",
      },
      Object {
        "instance": null,
        "key": undefined,
        "nodeType": "host",
        "props": Object {},
        "ref": null,
        "rendered": null,
        "type": "div",
      },
    ],
    "type": "div",
  },
  Symbol(enzyme.__nodes__): Array [
    Object {
      "instance": null,
      "key": undefined,
      "nodeType": "host",
      "props": Object {
        "children": Array [
          <div
            className="StartButton-container"
>
            <RaisedButton
                        className="StartButton-main"
                        disabled={false}
                        fullWidth={false}
                        label="Start Here"
                        labelPosition="after"
                        onClick={[Function]}
                        primary={false}
                        secondary={false}
            />
</div>,
          <div />,
        ],
      },
      "ref": null,
      "rendered": Array [
        Object {
          "instance": null,
          "key": undefined,
          "nodeType": "host",
          "props": Object {
            "children": <RaisedButton
              className="StartButton-main"
              disabled={false}
              fullWidth={false}
              label="Start Here"
              labelPosition="after"
              onClick={[Function]}
              primary={false}
              secondary={false}
/>,
            "className": "StartButton-container",
          },
          "ref": null,
          "rendered": Object {
            "instance": null,
            "key": undefined,
            "nodeType": "class",
            "props": Object {
              "className": "StartButton-main",
              "disabled": false,
              "fullWidth": false,
              "label": "Start Here",
              "labelPosition": "after",
              "onClick": [Function],
              "primary": false,
              "secondary": false,
            },
            "ref": null,
            "rendered": null,
            "type": [Function],
          },
          "type": "div",
        },
        Object {
          "instance": null,
          "key": undefined,
          "nodeType": "host",
          "props": Object {},
          "ref": null,
          "rendered": null,
          "type": "div",
        },
      ],
      "type": "div",
    },
  ],
  Symbol(enzyme.__options__): Object {
    "adapter": ReactSixteenAdapter {
      "options": Object {
        "enableComponentDidUpdateOnSetState": true,
      },
    },
    "disableLifecycleMethods": true,
  },
}
`;
