// Jest Snapshot v1, https://goo.gl/fbAQLP

exports[`App renders correctly 1`] = `
ShallowWrapper {
  "length": 1,
  Symbol(enzyme.__root__): [Circular],
  Symbol(enzyme.__unrendered__): <App />,
  Symbol(enzyme.__renderer__): Object {
    "batchedUpdates": [Function],
    "getNode": [Function],
    "render": [Function],
    "simulateEvent": [Function],
    "unmount": [Function],
  },
  Symbol(enzyme.__node__): Object {
    "instance": null,
    "key": undefined,
    "nodeType": "class",
    "props": Object {
      "children": <div
        className="App"
>
        <div>
                <header
                        className="App-header"
                >
                        <h1
                                className="App-title"
                        >
                                The BEER Finder
                        </h1>
                        <p
                                className="App-subtitle"
                        >
                                powered by the love for
                        </p>
                        <img
                                alt="logo"
                                className="App-beer-logo"
                                src="beer.svg"
                        />
                </header>
                <div
                        className="App-start-button"
                >
                        <StartButton />
                </div>
        </div>
</div>,
    },
    "ref": null,
    "rendered": Object {
      "instance": null,
      "key": undefined,
      "nodeType": "host",
      "props": Object {
        "children": <div>
          <header
                    className="App-header"
          >
                    <h1
                              className="App-title"
                    >
                              The BEER Finder
                    </h1>
                    <p
                              className="App-subtitle"
                    >
                              powered by the love for
                    </p>
                    <img
                              alt="logo"
                              className="App-beer-logo"
                              src="beer.svg"
                    />
          </header>
          <div
                    className="App-start-button"
          >
                    <StartButton />
          </div>
</div>,
        "className": "App",
      },
      "ref": null,
      "rendered": Object {
        "instance": null,
        "key": undefined,
        "nodeType": "host",
        "props": Object {
          "children": Array [
            <header
              className="App-header"
>
              <h1
                            className="App-title"
              >
                            The BEER Finder
              </h1>
              <p
                            className="App-subtitle"
              >
                            powered by the love for
              </p>
              <img
                            alt="logo"
                            className="App-beer-logo"
                            src="beer.svg"
              />
</header>,
            <div
              className="App-start-button"
>
              <StartButton />
</div>,
          ],
        },
        "ref": null,
        "rendered": Array [
          Object {
            "instance": null,
            "key": undefined,
            "nodeType": "host",
            "props": Object {
              "children": Array [
                <h1
                  className="App-title"
>
                  The BEER Finder
</h1>,
                <p
                  className="App-subtitle"
>
                  powered by the love for
</p>,
                <img
                  alt="logo"
                  className="App-beer-logo"
                  src="beer.svg"
/>,
              ],
              "className": "App-header",
            },
            "ref": null,
            "rendered": Array [
              Object {
                "instance": null,
                "key": undefined,
                "nodeType": "host",
                "props": Object {
                  "children": "The BEER Finder",
                  "className": "App-title",
                },
                "ref": null,
                "rendered": "The BEER Finder",
                "type": "h1",
              },
              Object {
                "instance": null,
                "key": undefined,
                "nodeType": "host",
                "props": Object {
                  "children": "powered by the love for",
                  "className": "App-subtitle",
                },
                "ref": null,
                "rendered": "powered by the love for",
                "type": "p",
              },
              Object {
                "instance": null,
                "key": undefined,
                "nodeType": "host",
                "props": Object {
                  "alt": "logo",
                  "className": "App-beer-logo",
                  "src": "beer.svg",
                },
                "ref": null,
                "rendered": null,
                "type": "img",
              },
            ],
            "type": "header",
          },
          Object {
            "instance": null,
            "key": undefined,
            "nodeType": "host",
            "props": Object {
              "children": <StartButton />,
              "className": "App-start-button",
            },
            "ref": null,
            "rendered": Object {
              "instance": null,
              "key": undefined,
              "nodeType": "class",
              "props": Object {},
              "ref": null,
              "rendered": null,
              "type": [Function],
            },
            "type": "div",
          },
        ],
        "type": "div",
      },
      "type": "div",
    },
    "type": [Function],
  },
  Symbol(enzyme.__nodes__): Array [
    Object {
      "instance": null,
      "key": undefined,
      "nodeType": "class",
      "props": Object {
        "children": <div
          className="App"
>
          <div>
                    <header
                              className="App-header"
                    >
                              <h1
                                        className="App-title"
                              >
                                        The BEER Finder
                              </h1>
                              <p
                                        className="App-subtitle"
                              >
                                        powered by the love for
                              </p>
                              <img
                                        alt="logo"
                                        className="App-beer-logo"
                                        src="beer.svg"
                              />
                    </header>
                    <div
                              className="App-start-button"
                    >
                              <StartButton />
                    </div>
          </div>
</div>,
      },
      "ref": null,
      "rendered": Object {
        "instance": null,
        "key": undefined,
        "nodeType": "host",
        "props": Object {
          "children": <div>
            <header
                        className="App-header"
            >
                        <h1
                                    className="App-title"
                        >
                                    The BEER Finder
                        </h1>
                        <p
                                    className="App-subtitle"
                        >
                                    powered by the love for
                        </p>
                        <img
                                    alt="logo"
                                    className="App-beer-logo"
                                    src="beer.svg"
                        />
            </header>
            <div
                        className="App-start-button"
            >
                        <StartButton />
            </div>
</div>,
          "className": "App",
        },
        "ref": null,
        "rendered": Object {
          "instance": null,
          "key": undefined,
          "nodeType": "host",
          "props": Object {
            "children": Array [
              <header
                className="App-header"
>
                <h1
                                className="App-title"
                >
                                The BEER Finder
                </h1>
                <p
                                className="App-subtitle"
                >
                                powered by the love for
                </p>
                <img
                                alt="logo"
                                className="App-beer-logo"
                                src="beer.svg"
                />
</header>,
              <div
                className="App-start-button"
>
                <StartButton />
</div>,
            ],
          },
          "ref": null,
          "rendered": Array [
            Object {
              "instance": null,
              "key": undefined,
              "nodeType": "host",
              "props": Object {
                "children": Array [
                  <h1
                    className="App-title"
>
                    The BEER Finder
</h1>,
                  <p
                    className="App-subtitle"
>
                    powered by the love for
</p>,
                  <img
                    alt="logo"
                    className="App-beer-logo"
                    src="beer.svg"
/>,
                ],
                "className": "App-header",
              },
              "ref": null,
              "rendered": Array [
                Object {
                  "instance": null,
                  "key": undefined,
                  "nodeType": "host",
                  "props": Object {
                    "children": "The BEER Finder",
                    "className": "App-title",
                  },
                  "ref": null,
                  "rendered": "The BEER Finder",
                  "type": "h1",
                },
                Object {
                  "instance": null,
                  "key": undefined,
                  "nodeType": "host",
                  "props": Object {
                    "children": "powered by the love for",
                    "className": "App-subtitle",
                  },
                  "ref": null,
                  "rendered": "powered by the love for",
                  "type": "p",
                },
                Object {
                  "instance": null,
                  "key": undefined,
                  "nodeType": "host",
                  "props": Object {
                    "alt": "logo",
                    "className": "App-beer-logo",
                    "src": "beer.svg",
                  },
                  "ref": null,
                  "rendered": null,
                  "type": "img",
                },
              ],
              "type": "header",
            },
            Object {
              "instance": null,
              "key": undefined,
              "nodeType": "host",
              "props": Object {
                "children": <StartButton />,
                "className": "App-start-button",
              },
              "ref": null,
              "rendered": Object {
                "instance": null,
                "key": undefined,
                "nodeType": "class",
                "props": Object {},
                "ref": null,
                "rendered": null,
                "type": [Function],
              },
              "type": "div",
            },
          ],
          "type": "div",
        },
        "type": "div",
      },
      "type": [Function],
    },
  ],
  Symbol(enzyme.__options__): Object {
    "adapter": ReactSixteenAdapter {
      "options": Object {
        "enableComponentDidUpdateOnSetState": true,
      },
    },
    "disableLifecycleMethods": true,
  },
}
`;
