// Jest Snapshot v1, https://goo.gl/fbAQLP

exports[`RootComponent renders correctly 1`] = `
ShallowWrapper {
  "length": 1,
  Symbol(enzyme.__root__): [Circular],
  Symbol(enzyme.__unrendered__): <RootComponent />,
  Symbol(enzyme.__renderer__): Object {
    "batchedUpdates": [Function],
    "getNode": [Function],
    "render": [Function],
    "simulateEvent": [Function],
    "unmount": [Function],
  },
  Symbol(enzyme.__node__): Object {
    "instance": null,
    "key": undefined,
    "nodeType": "host",
    "props": Object {
      "children": <div>
        <header
                className="RootComponent-header"
        >
                <h1
                        className="RootComponent-title"
                >
                        BeerFinder
                </h1>
                <p
                        className="RootComponent-subtitle"
                >
                        powered by love for
                </p>
                <img
                        alt="logo"
                        className="RootComponent-beer-logo"
                        src="beer.svg"
                />
        </header>
        <div
                className="RootComponent-start"
        >
                <BrowserRouter>
                        <Connect(BeerListingEntry) />
                </BrowserRouter>
        </div>
</div>,
      "className": "RootComponent",
    },
    "ref": null,
    "rendered": Object {
      "instance": null,
      "key": undefined,
      "nodeType": "host",
      "props": Object {
        "children": Array [
          <header
            className="RootComponent-header"
>
            <h1
                        className="RootComponent-title"
            >
                        BeerFinder
            </h1>
            <p
                        className="RootComponent-subtitle"
            >
                        powered by love for
            </p>
            <img
                        alt="logo"
                        className="RootComponent-beer-logo"
                        src="beer.svg"
            />
</header>,
          <div
            className="RootComponent-start"
>
            <BrowserRouter>
                        <Connect(BeerListingEntry) />
            </BrowserRouter>
</div>,
        ],
      },
      "ref": null,
      "rendered": Array [
        Object {
          "instance": null,
          "key": undefined,
          "nodeType": "host",
          "props": Object {
            "children": Array [
              <h1
                className="RootComponent-title"
>
                BeerFinder
</h1>,
              <p
                className="RootComponent-subtitle"
>
                powered by love for
</p>,
              <img
                alt="logo"
                className="RootComponent-beer-logo"
                src="beer.svg"
/>,
            ],
            "className": "RootComponent-header",
          },
          "ref": null,
          "rendered": Array [
            Object {
              "instance": null,
              "key": undefined,
              "nodeType": "host",
              "props": Object {
                "children": "BeerFinder",
                "className": "RootComponent-title",
              },
              "ref": null,
              "rendered": "BeerFinder",
              "type": "h1",
            },
            Object {
              "instance": null,
              "key": undefined,
              "nodeType": "host",
              "props": Object {
                "children": "powered by love for",
                "className": "RootComponent-subtitle",
              },
              "ref": null,
              "rendered": "powered by love for",
              "type": "p",
            },
            Object {
              "instance": null,
              "key": undefined,
              "nodeType": "host",
              "props": Object {
                "alt": "logo",
                "className": "RootComponent-beer-logo",
                "src": "beer.svg",
              },
              "ref": null,
              "rendered": null,
              "type": "img",
            },
          ],
          "type": "header",
        },
        Object {
          "instance": null,
          "key": undefined,
          "nodeType": "host",
          "props": Object {
            "children": <BrowserRouter>
              <Connect(BeerListingEntry) />
</BrowserRouter>,
            "className": "RootComponent-start",
          },
          "ref": null,
          "rendered": Object {
            "instance": null,
            "key": undefined,
            "nodeType": "class",
            "props": Object {
              "children": <Connect(BeerListingEntry) />,
            },
            "ref": null,
            "rendered": Object {
              "instance": null,
              "key": undefined,
              "nodeType": "class",
              "props": Object {},
              "ref": null,
              "rendered": null,
              "type": [Function],
            },
            "type": [Function],
          },
          "type": "div",
        },
      ],
      "type": "div",
    },
    "type": "div",
  },
  Symbol(enzyme.__nodes__): Array [
    Object {
      "instance": null,
      "key": undefined,
      "nodeType": "host",
      "props": Object {
        "children": <div>
          <header
                    className="RootComponent-header"
          >
                    <h1
                              className="RootComponent-title"
                    >
                              BeerFinder
                    </h1>
                    <p
                              className="RootComponent-subtitle"
                    >
                              powered by love for
                    </p>
                    <img
                              alt="logo"
                              className="RootComponent-beer-logo"
                              src="beer.svg"
                    />
          </header>
          <div
                    className="RootComponent-start"
          >
                    <BrowserRouter>
                              <Connect(BeerListingEntry) />
                    </BrowserRouter>
          </div>
</div>,
        "className": "RootComponent",
      },
      "ref": null,
      "rendered": Object {
        "instance": null,
        "key": undefined,
        "nodeType": "host",
        "props": Object {
          "children": Array [
            <header
              className="RootComponent-header"
>
              <h1
                            className="RootComponent-title"
              >
                            BeerFinder
              </h1>
              <p
                            className="RootComponent-subtitle"
              >
                            powered by love for
              </p>
              <img
                            alt="logo"
                            className="RootComponent-beer-logo"
                            src="beer.svg"
              />
</header>,
            <div
              className="RootComponent-start"
>
              <BrowserRouter>
                            <Connect(BeerListingEntry) />
              </BrowserRouter>
</div>,
          ],
        },
        "ref": null,
        "rendered": Array [
          Object {
            "instance": null,
            "key": undefined,
            "nodeType": "host",
            "props": Object {
              "children": Array [
                <h1
                  className="RootComponent-title"
>
                  BeerFinder
</h1>,
                <p
                  className="RootComponent-subtitle"
>
                  powered by love for
</p>,
                <img
                  alt="logo"
                  className="RootComponent-beer-logo"
                  src="beer.svg"
/>,
              ],
              "className": "RootComponent-header",
            },
            "ref": null,
            "rendered": Array [
              Object {
                "instance": null,
                "key": undefined,
                "nodeType": "host",
                "props": Object {
                  "children": "BeerFinder",
                  "className": "RootComponent-title",
                },
                "ref": null,
                "rendered": "BeerFinder",
                "type": "h1",
              },
              Object {
                "instance": null,
                "key": undefined,
                "nodeType": "host",
                "props": Object {
                  "children": "powered by love for",
                  "className": "RootComponent-subtitle",
                },
                "ref": null,
                "rendered": "powered by love for",
                "type": "p",
              },
              Object {
                "instance": null,
                "key": undefined,
                "nodeType": "host",
                "props": Object {
                  "alt": "logo",
                  "className": "RootComponent-beer-logo",
                  "src": "beer.svg",
                },
                "ref": null,
                "rendered": null,
                "type": "img",
              },
            ],
            "type": "header",
          },
          Object {
            "instance": null,
            "key": undefined,
            "nodeType": "host",
            "props": Object {
              "children": <BrowserRouter>
                <Connect(BeerListingEntry) />
</BrowserRouter>,
              "className": "RootComponent-start",
            },
            "ref": null,
            "rendered": Object {
              "instance": null,
              "key": undefined,
              "nodeType": "class",
              "props": Object {
                "children": <Connect(BeerListingEntry) />,
              },
              "ref": null,
              "rendered": Object {
                "instance": null,
                "key": undefined,
                "nodeType": "class",
                "props": Object {},
                "ref": null,
                "rendered": null,
                "type": [Function],
              },
              "type": [Function],
            },
            "type": "div",
          },
        ],
        "type": "div",
      },
      "type": "div",
    },
  ],
  Symbol(enzyme.__options__): Object {
    "adapter": ReactSixteenAdapter {
      "options": Object {
        "enableComponentDidUpdateOnSetState": true,
      },
    },
    "disableLifecycleMethods": true,
  },
}
`;
